// Jest Snapshot v1, https://goo.gl/fbAQLP

exports[`SurveyCreator should render correctly 1`] = `
<form
  class="loginform"
>
  <div
    class="form-group"
  >
    <label
      class="label-title"
      for="label"
    >
      Welcome to MHS
    </label>
    <label
      class="label-subtitle"
      for="label"
    >
      Please enter your login credentials.
    </label>
    <br />
    <label
      class="label-header"
      for="exampleInputEmail1"
    >
      Email address
    </label>
    <input
      aria-describedby="emailHelp"
      class="form-control"
      id="mailInput"
      placeholder="Enter email"
      type="email"
    />
  </div>
  <div
    class="form-group"
  >
    <label
      class="label-header"
      for="exampleInputPassword1"
    >
      Password
    </label>
    <input
      class="form-control"
      id="passwordInput"
      placeholder="Enter Password"
      type="password"
    />
  </div>
  <WithStyles(RegularButton)
    color="primary"
    id="loginbutton"
    onClick={[Function]}
    type="button"
  >
    Login
  </WithStyles(RegularButton)>
</form>
`;
